2026-05-22 10:22:32 - taquilla_web está caído. Reiniciando...
2026-05-22 10:22:32 - ERROR: No se pudo reiniciar taquilla_web.
2026-05-22 10:22:32 - taquilla_db está caído. Reiniciando...
2026-05-22 10:22:32 - ERROR: No se pudo reiniciar taquilla_db.
2026-05-22 10:22:37 - taquilla_web está caído. Reiniciando...
2026-05-22 10:22:37 - ERROR: No se pudo reiniciar taquilla_web.
2026-05-22 10:22:37 - taquilla_db está caído. Reiniciando...
2026-05-22 10:22:37 - ERROR: No se pudo reiniciar taquilla_db.
2026-05-22 10:22:42 - taquilla_web está caído. Reiniciando...
2026-05-22 10:22:42 - ERROR: No se pudo reiniciar taquilla_web.
2026-05-22 10:22:42 - taquilla_db está caído. Reiniciando...
2026-05-22 10:22:42 - ERROR: No se pudo reiniciar taquilla_db.
2026-05-22 10:22:47 - taquilla_web está caído. Reiniciando...
2026-05-22 10:22:47 - ERROR: No se pudo reiniciar taquilla_web.
2026-05-22 10:22:47 - taquilla_db está caído. Reiniciando...
2026-05-22 10:22:47 - ERROR: No se pudo reiniciar taquilla_db.
2026-05-22 10:22:52 - taquilla_web está caído. Reiniciando...
2026-05-22 10:22:52 - ERROR: No se pudo reiniciar taquilla_web.
2026-05-22 10:22:52 - taquilla_db está caído. Reiniciando...
2026-05-22 10:22:52 - ERROR: No se pudo reiniciar taquilla_db.
2026-05-22 10:22:57 - taquilla_web está caído. Reiniciando...
2026-05-22 10:22:57 - ERROR: No se pudo reiniciar taquilla_web.
2026-05-22 10:22:57 - taquilla_db está caído. Reiniciando...
2026-05-22 10:22:57 - ERROR: No se pudo reiniciar taquilla_db.
2026-05-22 10:23:02 - taquilla_web está caído. Reiniciando...
2026-05-22 10:23:02 - ERROR: No se pudo reiniciar taquilla_web.
2026-05-22 10:23:02 - taquilla_db está caído. Reiniciando...
2026-05-22 10:23:02 - ERROR: No se pudo reiniciar taquilla_db.
2026-05-22 10:23:08 - taquilla_web está caído. Reiniciando...
2026-05-22 10:23:08 - ERROR: No se pudo reiniciar taquilla_web.
2026-05-22 10:23:08 - taquilla_db está caído. Reiniciando...
2026-05-22 10:23:08 - ERROR: No se pudo reiniciar taquilla_db.
2026-05-22 10:23:13 - taquilla_web está caído. Reiniciando...
2026-05-22 10:23:13 - ERROR: No se pudo reiniciar taquilla_web.
2026-05-22 10:23:13 - taquilla_db está caído. Reiniciando...
2026-05-22 10:23:13 - ERROR: No se pudo reiniciar taquilla_db.
2026-05-22 10:23:18 - taquilla_web está caído. Reiniciando...
2026-05-22 10:23:18 - ERROR: No se pudo reiniciar taquilla_web.
2026-05-22 10:23:18 - taquilla_db está caído. Reiniciando...
2026-05-22 10:23:18 - ERROR: No se pudo reiniciar taquilla_db.
2026-05-22 10:23:23 - taquilla_web está caído. Reiniciando...
2026-05-22 10:23:23 - ERROR: No se pudo reiniciar taquilla_web.
2026-05-22 10:23:23 - taquilla_db está caído. Reiniciando...
2026-05-22 10:23:23 - ERROR: No se pudo reiniciar taquilla_db.
2026-05-22 10:23:28 - taquilla_web está caído. Reiniciando...
2026-05-22 10:23:28 - ERROR: No se pudo reiniciar taquilla_web.
2026-05-22 10:23:28 - taquilla_db está caído. Reiniciando...
2026-05-22 10:23:28 - ERROR: No se pudo reiniciar taquilla_db.
2026-05-22 10:25:51 - taquilla_web está caído. Reiniciando...
2026-05-22 10:25:51 - ERROR: No se pudo reiniciar taquilla_web.
2026-05-22 10:25:51 - taquilla_db está caído. Reiniciando...
2026-05-22 10:25:51 - ERROR: No se pudo reiniciar taquilla_db.
2026-05-22 10:25:56 - taquilla_web está caído. Reiniciando...
2026-05-22 10:25:56 - ERROR: No se pudo reiniciar taquilla_web.
2026-05-22 10:25:56 - taquilla_db está caído. Reiniciando...
2026-05-22 10:25:56 - ERROR: No se pudo reiniciar taquilla_db.
2026-05-22 10:30:05 - taquilla_web está caído. Reiniciando...
2026-05-22 10:30:05 - ERROR: No se pudo reiniciar taquilla_web. Detalle: Error response from daemon: No such container: taquilla_web
Error: failed to start containers: taquilla_web
2026-05-22 10:30:07 - taquilla_db está caído. Reiniciando...
2026-05-22 10:30:07 - ERROR: No se pudo reiniciar taquilla_db. Detalle: Error response from daemon: No such container: taquilla_db
Error: failed to start containers: taquilla_db
2026-05-22 10:30:09 - taquilla_pma está caído. Reiniciando...
2026-05-22 10:30:09 - ERROR: No se pudo reiniciar taquilla_pma. Detalle: Error response from daemon: No such container: taquilla_pma
Error: failed to start containers: taquilla_pma
2026-05-22 10:38:59 - taquilla_web está caído. Reiniciando...
2026-05-22 10:38:59 - ERROR: No se pudo reiniciar taquilla_web. Detalle: Error response from daemon: No such container: taquilla_web
Error: failed to start containers: taquilla_web
2026-05-22 10:39:01 - taquilla_db está caído. Reiniciando...
2026-05-22 10:39:01 - ERROR: No se pudo reiniciar taquilla_db. Detalle: Error response from daemon: No such container: taquilla_db
Error: failed to start containers: taquilla_db
2026-05-22 10:39:03 - taquilla_pma está caído. Reiniciando...
2026-05-22 10:39:17 - taquilla_web está caído. Reiniciando...
2026-05-22 10:39:17 - ERROR: No se pudo reiniciar taquilla_web. Detalle: Error response from daemon: No such container: taquilla_web
Error: failed to start containers: taquilla_web
2026-05-22 10:39:19 - taquilla_db está caído. Reiniciando...
2026-05-22 10:43:49 - taquilla_web está caído. Reiniciando...
